// Jest Snapshot v1, https://goo.gl/fbAQLP

exports[`Should render correctly 1`] = `
<main>
  <div
    id="tsparticles"
  >
    <canvas
      style={
        {
          "height": "100%",
          "width": "100%",
        }
      }
    />
  </div>
  <section
    className="sc-jSUZER hnBDmO"
  >
    <div
      className="sc-hLBbgP iqoPhb"
    >
      <h1
        className="sc-gswNZR cczJop"
      >
        Hacker News
      </h1>
      <h4
        className="sc-dkrFOg dkUkXh"
      >
        <i>
          Top 100
        </i>
      </h4>
    </div>
  </section>
  <div
    className="sc-bcXHqe fufuNP"
  >
    <div
      className="sc-eDvSVe erSdmQ"
    >
      <div
        aria-label="news-story"
      >
        <div
          className="sc-ipEyDJ KSSCD"
        >
          <div
            className="sc-kDvujY faROvf"
          >
            <div
              className="sc-jrcTuL"
            >
              1666 points by 
              <span
                className="sc-ksBlkl lbYNbX"
              >
                fileeditview
              </span>
               
              <br />
              (kentnerburn.com)
            </div>
          </div>
          <div
            className="sc-bqWxrE gpQyvZ"
          />
          <h2
            className="sc-iBYQkv iijhMY"
            onClick={[Function]}
          >
            <span
              className="sc-ftTHYK eunGkG"
            >
              A cab ride I'll never forget (1999)
            </span>
          </h2>
          <div
            className="sc-csuSiG fwVXDo"
          >
            <span
              className="sc-ftTHYK eunGkG"
              onClick={[Function]}
            >
              View 3 Comments
            </span>
            <span
              aria-label="posted-time"
            >
              Jan 16, 2023
            </span>
          </div>
        </div>
      </div>
    </div>
    <div
      className="sc-eDvSVe erSdmQ"
    >
      <div
        aria-label="news-story"
      >
        <div
          className="sc-ipEyDJ KSSCD"
        >
          <div
            className="sc-kDvujY faROvf"
          >
            <div
              className="sc-jrcTuL"
            >
              1297 points by 
              <span
                className="sc-ksBlkl lbYNbX"
              >
                colesantiago
              </span>
               
              <br />
              (blog.google)
            </div>
          </div>
          <div
            className="sc-bqWxrE gpQyvZ"
          />
          <h2
            className="sc-iBYQkv iijhMY"
            onClick={[Function]}
          >
            <span
              className="sc-ftTHYK eunGkG"
            >
              Google to reduce workforce by 12k
            </span>
          </h2>
          <div
            className="sc-csuSiG fwVXDo"
          >
            <span
              className="sc-ftTHYK eunGkG"
              onClick={[Function]}
            >
              View 1349 Comments
            </span>
            <span
              aria-label="posted-time"
            >
              Jan 20, 2023
            </span>
          </div>
        </div>
      </div>
    </div>
    <div
      className="sc-eDvSVe erSdmQ"
    >
      <div
        aria-label="news-story"
      >
        <div
          className="sc-ipEyDJ KSSCD"
        >
          <div
            className="sc-kDvujY faROvf"
          >
            <div
              className="sc-jrcTuL"
            >
              1071 points by 
              <span
                className="sc-ksBlkl lbYNbX"
              >
                georgehill
              </span>
               
              <br />
              (youtube.com)
            </div>
          </div>
          <div
            className="sc-bqWxrE gpQyvZ"
          />
          <h2
            className="sc-iBYQkv iijhMY"
            onClick={[Function]}
          >
            <span
              className="sc-ftTHYK eunGkG"
            >
              Let's build GPT: from scratch, in code, spelled out by Andrej Karpathy [video]
            </span>
          </h2>
          <div
            className="sc-csuSiG fwVXDo"
          >
            <span
              className="sc-ftTHYK eunGkG"
              onClick={[Function]}
            >
              View 101 Comments
            </span>
            <span
              aria-label="posted-time"
            >
              Jan 17, 2023
            </span>
          </div>
        </div>
      </div>
    </div>
    <div
      className="sc-eDvSVe erSdmQ"
    >
      <div
        aria-label="news-story"
      >
        <div
          className="sc-ipEyDJ KSSCD"
        >
          <div
            className="sc-kDvujY faROvf"
          >
            <div
              className="sc-jrcTuL"
            >
              885 points by 
              <span
                className="sc-ksBlkl lbYNbX"
              >
                half-kh-hacker
              </span>
               
              <br />
              (maia.crimew.gay)
            </div>
          </div>
          <div
            className="sc-bqWxrE gpQyvZ"
          />
          <h2
            className="sc-iBYQkv iijhMY"
            onClick={[Function]}
          >
            <span
              className="sc-ftTHYK eunGkG"
            >
              How to own an airline in 3 easy steps and grab the TSA nofly list along the way
            </span>
          </h2>
          <div
            className="sc-csuSiG fwVXDo"
          >
            <span
              className="sc-ftTHYK eunGkG"
              onClick={[Function]}
            >
              View 547 Comments
            </span>
            <span
              aria-label="posted-time"
            >
              Jan 19, 2023
            </span>
          </div>
        </div>
      </div>
    </div>
    <div
      className="sc-eDvSVe erSdmQ"
    >
      <div
        aria-label="news-story"
      >
        <div
          className="sc-ipEyDJ KSSCD"
        >
          <div
            className="sc-kDvujY faROvf"
          >
            <div
              className="sc-jrcTuL"
            >
              871 points by 
              <span
                className="sc-ksBlkl lbYNbX"
              >
                ColinWright
              </span>
               
              <br />
              (somethingorotherwhatever.com)
            </div>
          </div>
          <div
            className="sc-bqWxrE gpQyvZ"
          />
          <h2
            className="sc-iBYQkv iijhMY"
            onClick={[Function]}
          >
            <span
              className="sc-ftTHYK eunGkG"
            >
              Wobbly clock
            </span>
          </h2>
          <div
            className="sc-csuSiG fwVXDo"
          >
            <span
              className="sc-ftTHYK eunGkG"
              onClick={[Function]}
            >
              View 195 Comments
            </span>
            <span
              aria-label="posted-time"
            >
              Jan 16, 2023
            </span>
          </div>
        </div>
      </div>
    </div>
    <div
      className="sc-eDvSVe erSdmQ"
    >
      <div
        aria-label="news-story"
      >
        <div
          className="sc-ipEyDJ KSSCD"
        >
          <div
            className="sc-kDvujY faROvf"
          >
            <div
              className="sc-jrcTuL"
            >
              861 points by 
              <span
                className="sc-ksBlkl lbYNbX"
              >
                ValentineC
              </span>
               
              <br />
              (apple.com)
            </div>
          </div>
          <div
            className="sc-bqWxrE gpQyvZ"
          />
          <h2
            className="sc-iBYQkv iijhMY"
            onClick={[Function]}
          >
            <span
              className="sc-ftTHYK eunGkG"
            >
              MacBook Pro featuring M2 Pro and M2 Max
            </span>
          </h2>
          <div
            className="sc-csuSiG fwVXDo"
          >
            <span
              className="sc-ftTHYK eunGkG"
              onClick={[Function]}
            >
              View 1025 Comments
            </span>
            <span
              aria-label="posted-time"
            >
              Jan 17, 2023
            </span>
          </div>
        </div>
      </div>
    </div>
    <div
      className="sc-eDvSVe erSdmQ"
    >
      <div
        aria-label="news-story"
      >
        <div
          className="sc-ipEyDJ KSSCD"
        >
          <div
            className="sc-kDvujY faROvf"
          >
            <div
              className="sc-jrcTuL"
            >
              860 points by 
              <span
                className="sc-ksBlkl lbYNbX"
              >
                subharmonicon
              </span>
               
              <br />
              (smithsonianmag.com)
            </div>
          </div>
          <div
            className="sc-bqWxrE gpQyvZ"
          />
          <h2
            className="sc-iBYQkv iijhMY"
            onClick={[Function]}
          >
            <span
              className="sc-ftTHYK eunGkG"
            >
              Photos capture life inside a drop of seawater
            </span>
          </h2>
          <div
            className="sc-csuSiG fwVXDo"
          >
            <span
              className="sc-ftTHYK eunGkG"
              onClick={[Function]}
            >
              View 187 Comments
            </span>
            <span
              aria-label="posted-time"
            >
              Jan 19, 2023
            </span>
          </div>
        </div>
      </div>
    </div>
    <div
      className="sc-eDvSVe erSdmQ"
    >
      <div
        aria-label="news-story"
      >
        <div
          className="sc-ipEyDJ KSSCD"
        >
          <div
            className="sc-kDvujY faROvf"
          >
            <div
              className="sc-jrcTuL"
            >
              841 points by 
              <span
                className="sc-ksBlkl lbYNbX"
              >
                blegh
              </span>
               
              <br />
              (milk.com)
            </div>
          </div>
          <div
            className="sc-bqWxrE gpQyvZ"
          />
          <h2
            className="sc-iBYQkv iijhMY"
            onClick={[Function]}
          >
            <span
              className="sc-ftTHYK eunGkG"
            >
              What not to write on your security clearance form (1988)
            </span>
          </h2>
          <div
            className="sc-csuSiG fwVXDo"
          >
            <span
              className="sc-ftTHYK eunGkG"
              onClick={[Function]}
            >
              View 531 Comments
            </span>
            <span
              aria-label="posted-time"
            >
              Jan 19, 2023
            </span>
          </div>
        </div>
      </div>
    </div>
    <div
      className="sc-eDvSVe erSdmQ"
    >
      <div
        aria-label="news-story"
      >
        <div
          className="sc-ipEyDJ KSSCD"
        >
          <div
            className="sc-kDvujY faROvf"
          >
            <div
              className="sc-jrcTuL"
            >
              708 points by 
              <span
                className="sc-ksBlkl lbYNbX"
              >
                chazeon
              </span>
               
              <br />
              (furbo.org)
            </div>
          </div>
          <div
            className="sc-bqWxrE gpQyvZ"
          />
          <h2
            className="sc-iBYQkv iijhMY"
            onClick={[Function]}
          >
            <span
              className="sc-ftTHYK eunGkG"
            >
              The Shit Show
            </span>
          </h2>
          <div
            className="sc-csuSiG fwVXDo"
          >
            <span
              className="sc-ftTHYK eunGkG"
              onClick={[Function]}
            >
              View 315 Comments
            </span>
            <span
              aria-label="posted-time"
            >
              Jan 15, 2023
            </span>
          </div>
        </div>
      </div>
    </div>
    <div
      className="sc-eDvSVe erSdmQ"
    >
      <div
        aria-label="news-story"
      >
        <div
          className="sc-ipEyDJ KSSCD"
        >
          <div
            className="sc-kDvujY faROvf"
          >
            <div
              className="sc-jrcTuL"
            >
              647 points by 
              <span
                className="sc-ksBlkl lbYNbX"
              >
                georgehill
              </span>
               
              <br />
              (reuters.com)
            </div>
          </div>
          <div
            className="sc-bqWxrE gpQyvZ"
          />
          <h2
            className="sc-iBYQkv iijhMY"
            onClick={[Function]}
          >
            <span
              className="sc-ftTHYK eunGkG"
            >
              Microsoft to lay off 11k employees
            </span>
          </h2>
          <div
            className="sc-csuSiG fwVXDo"
          >
            <span
              className="sc-ftTHYK eunGkG"
              onClick={[Function]}
            >
              View 453 Comments
            </span>
            <span
              aria-label="posted-time"
            >
              Jan 17, 2023
            </span>
          </div>
        </div>
      </div>
    </div>
  </div>
</main>
`;
